npm warn Unknown env config "http-proxy". This will stop working in the next major version of npm.

> community-hub-website@1.0.0 test:unit
> node --test tests/*.test.mjs

✔ rendered shared footer copy is checked after the page template (18.10053ms)
✔ generated CSS cannot bypass the copy policy (12.968654ms)
✔ approved live-source labels and punctuation remain available (11.586919ms)
✔ valid HTML and ordinary CSS comments pass (6.065741ms)
✔ exact original author paragraphs survive the marketing copy guard (4.079873ms)
✔ an original paragraph does not permit new claims with banned wording (9.177777ms)
✔ explicit pause keeps the picture and resumes the remaining story time (183.210045ms)
✔ hover and focus preserve elapsed time across overlapping pause gates (7.020574ms)
✔ offscreen and hidden-tab pauses preserve the remaining interval (5.657262ms)
✔ manual next, previous and horizontal swipe reset the new picture interval (2.012044ms)
✔ reduced motion starts paused and opting into play retains normal timing (2.180336ms)
✔ visible progress freezes at elapsed time and resumes from the same point (1.583923ms)
✔ HTTP-success empty or wholly missing heat readings are not presented as a plot (170.089827ms)
✔ real zero readings are valid while invalid numbers and dates are not (0.727656ms)
✔ public embeds need no extra activation button and are keyboard reachable (175.383495ms)
✔ completed hero advances when still visible on any viewport size (135.249264ms)
✔ completion never steals navigation after leaving or changing position (0.402685ms)
✔ only the Building Dashboard gets the homepage scroll-through wrapper (357.781473ms)
✔ Web uses the real Cleveland feed with no iframe or local scroll trap (0.679343ms)
✔ interior model keeps all eight source captions and linked applications with icon-only arrows (229.93061ms)
✔ autoplay waits for visibility, reveals all eight steps and holds without changing sections (7.831107ms)
✔ whole-content hover and focus holds overlap and resume the exact unspent interval (2.176201ms)
✔ offscreen and hidden-document pauses retain elapsed step time after first start (2.166132ms)
✔ manual next/back gives stable inspection and never erases the button SVG (1.800388ms)
✔ last-step next is an accessible replay action whose chevron survives reset (2.528287ms)
✔ reduced motion stays complete automatically but all manual steps remain accessible (1.77593ms)
✔ changing motion preference settles the current model and cancels autoplay (2.148449ms)
✔ initialization is idempotent and unsupported observation keeps the full readable model (5.809152ms)
✔ controls reveal from content hover/focus, remain touch reachable and reserve space without a sticky bar (2.188871ms)
✔ slide ten replaces the generic card model with individually sourced imagery and a visible Hub foundation (1.002291ms)
✔ the source Hub processing cue is present and respects the same pause and reduced-motion state (0.695242ms)
✔ narrow model reserves the two-line caption and44px controls before assigning scrollable stage height (0.269182ms)
✔ loaded Cleveland events retain their real destination and source context (53.60576ms)
✔ a valid empty calendar gives a truthful empty state instead of a loading failure (6.064187ms)
✔ unavailable calendar gives a conditional direct source recovery link (4.010051ms)
✔ retry belongs to stable toolbar, outside replaceable iframe body (145.558305ms)
✔ unverified host context uses truthful standalone dashboard wording (0.417719ms)
✔ Citywide is the actual public application with native controls, not a local simulation (0.425183ms)
✔ slow loading reveals remote content and keeps status outside the app viewport (4.417505ms)
✔ a later load clears the slow notice and retry state (1.234022ms)
✔ partial live recovery never relabels the other saved readings as current (12.697816ms)
✔ subsequent partial response removes formerly live IDs that did not refresh (5.1403ms)
✔ all-unreachable refresh returns to clearly dated snapshot without rotation (3.311569ms)
✔ data chart tabs stay on the readers selection without an automatic tour timer (146.65741ms)
✔ opening chart help never disables the chart or hides its values (2.087666ms)
✔ closing the drawer restores the story captured before its layout mutation (5.594341ms)
✔ Products how shows the original Story of Dashboard rather than the reconstructed diagram (303.365524ms)
✔ the replacement preserves all original slide frames and accessible quiet navigation (0.828169ms)
✔ the requested Products-only replacement preserves the Data Hub explanation and resource viewer (0.254781ms)
✔ unavailable first and last arrows retain a clear quiet endpoint state (0.656732ms)
✔ original slides use their reserved stage instead of the generic pager image cap (0.411337ms)
✔ standalone package includes every media byte and independently verifiable checksums (446.508696ms)
✔ missing HTML media fails without leaving a release (403.848408ms)
✔ missing responsive image candidate fails without leaving a release (430.575125ms)
✔ missing CSS asset fails without leaving a release (450.131528ms)
✔ missing JavaScript chunk fails without leaving a release (317.586292ms)
✔ missing minified JavaScript chunk fails without leaving a release (290.274329ms)
✔ missing local SVG reference fails without leaving a release (284.664644ms)
✔ missing redirect target fails without leaving a release (279.89133ms)
✔ external, inline data and fragment references do not become local file errors (295.152821ms)
✔ symlinks cannot import files outside the build (108.358843ms)
✔ rejects accidental sensitive material .env.production without printing its contents (96.428182ms)
✔ rejects accidental sensitive material assets/credentials.json without printing its contents (118.882136ms)
✔ rejects accidental sensitive material _astro/accidental.js without printing its contents (115.610947ms)
✔ an existing release is never overwritten (113.408268ms)
✔ an output inside the input build is rejected (90.746611ms)
✔ rejecting nested output never creates folders inside the build (110.252596ms)
✔ JavaScript strings in an HTML script are not treated as CSS assets (303.253364ms)
✔ an incomplete build without an index is rejected (103.178686ms)
✔ a build changing during packaging is rejected and staging is cleaned (281.490701ms)
✔ walkthrough uses supplied product pieces and identifies recorded readings (105.187329ms)
✔ local walkthrough opens the controller, selects source content and resets without timers or network (98.824073ms)
✔ Who We Are is one centered source identity with exact mission and About destination (177.400043ms)
✔ one identity sequence includes reading time and completes only once (1.175145ms)
✔ overlapping hover and focus gates preserve exact remaining time (0.61074ms)
✔ hidden and offscreen pauses do not restart or complete the identity (0.28138ms)
✔ settling reduced motion is readable without asking for an automatic advance (0.209985ms)
✔ first completion advances through the existing owner to the next section, skipping Who We Are tails (6.240669ms)
✔ motif hover and About focus pause pixels and automatic advance until both release (3.200033ms)
✔ hidden tab preserves remaining time and never advances while hidden (3.024617ms)
✔ manual departure pauses the animation and disarms any surprise auto-advance on revisit (2.495782ms)
✔ manual wheel navigation cancels pending automatic progression (3.210645ms)
✔ manual touchmove navigation cancels pending automatic progression (1.398597ms)
✔ manual keydown navigation cancels pending automatic progression (1.224912ms)
✔ completion does not move a newer scene even before visibility callbacks catch up (1.641713ms)
✔ reduced motion and missing observation keep source content settled without automatic navigation (2.632197ms)
✔ changing reduced motion during playback cancels animation and pending automatic progression (1.854789ms)
✔ source identity is visible before its first animation paint and enhances only once (1.779846ms)
✔ centering and enlargement stay scoped to Who We Are and preserve left-aligned mission reading (0.299424ms)
✔ narrow product boundaries traverse all products before leaving the category (1.953554ms)
✔ reverse traversal enters the last product and returns through the exact order (0.917227ms)
✔ reading stops within the selected product do not change that product (1.60912ms)
✔ explicit tab selection defines the next product and desktop keeps existing stops (0.852462ms)
✔ a new forward visit starts at the first product and backward visit at the last (0.976524ms)
✔ resize restores the selected product rather than its old narrow reading-part index (3.936826ms)
✔ a focused product tab cannot replace the selected product resize anchor (1.563622ms)
✔ responsive widths follow uploaded pixels, not obsolete filename suffixes (101.962487ms)
✔ duplicate width candidates are collapsed and missing candidates excluded (2.341774ms)
✔ a real final directory tail remains reachable even below quarter-screen threshold (6.582702ms)
✔ extra bottom padding does not create a continuation when actual content already fits (1.704813ms)
✔ intentional sticky tracks retain their small-stop suppression (1.134136ms)
✔ fresh navigation and refresh both retain an explicit hash target (1.090928ms)
✔ history traversal keeps the browser restoration contract (0.210513ms)
✔ startup remeasurement keeps the requested section instead of the old first frame (19.989535ms)
✔ manual navigation or a changed hash releases the pending startup target (13.981891ms)
✔ a selected dashboard panel keeps its gallery controls in the first frame (17.979793ms)
✔ downward navigation uses the relocated scene position after pending layout (6.397905ms)
✔ upward navigation uses the relocated scene position after pending layout (2.917302ms)
✔ a consumed wheel tail cannot begin scrolling a newly revealed nested control (3.729957ms)
✔ fresh input over a nested control remains native after the page latch expires (1.872503ms)
✔ a nested gesture retains its tail at the boundary then hands a fresh gesture to the page (1.688179ms)
✔ long inertia and small direction noise still yield one cut per gesture (1.660447ms)
✔ zoom, horizontal wheel and already handled input keep their native ownership (2.372615ms)
✔ public duplicate requests coalesce while intentional later gestures can continue (5.915316ms)
✔ a public scene advance releases any older pending startup hash (1.774971ms)
✔ a blocked navigation request does not consume startup ownership (2.483349ms)
✔ a strong deliberate reversal works without waiting for the old hold (6.27251ms)
✔ a fresh same-direction swipe after quiet input has no extra hold (2.490202ms)
✔ an outward attempt at the final boundary never delays returning (1.634852ms)
✔ reversing native scrolling at its boundary can leave in the intended direction (1.135301ms)
✔ the recorded239ms gap within a continuing wheel stream does not skip a scene (1.826683ms)
✔ subpixel input remains native inside the current scroll owner (2.388251ms)
✔ subpixel momentum keeps its timestamp and cannot manufacture a quiet gap (4.415701ms)
✔ repeated deliberate reversals remain symmetric without a cooldown queue (3.15332ms)
✔ an outward attempt at the first boundary never delays entering the page (3.424292ms)
✔ line and page wheel units use the same intention threshold in both directions (3.044681ms)
✔ queued input timestamps cannot be mistaken for fresh dispatch-time gestures (1.044186ms)
✔ a deliberate reversal within the native scrollable area remains native (1.249509ms)
✔ separate fast touch strokes advance and reverse without sharing a wheel latch (1.845518ms)
✔ one touch contact cannot advance twice even after reversing its direction (1.253914ms)
✔ horizontal and native scrolling touches keep their original ownership (1.450378ms)
✔ pinch, changed contact and zoomed touch never move the outer story (0.952618ms)
✔ gallery explicit pause preserves the picture and remaining interval (129.32611ms)
✔ gallery pointer pause resumes at the exact remaining millisecond (2.247717ms)
✔ gallery focus pause resumes at the exact remaining millisecond (1.850868ms)
✔ gallery overlapping pointer and focus pauses remain held after releasing pointer (1.39773ms)
✔ gallery overlapping pointer and focus pauses remain held after releasing focus (1.441277ms)
✔ gallery focus moving between controls never releases the hold (1.936539ms)
✔ gallery offscreen and hidden-tab pauses preserve accumulated elapsed time (1.876357ms)
✔ gallery explicit pause remains set when all automatic holds clear (3.013782ms)
✔ gallery manual next, previous and dot selections reset the selected picture duration (1.96068ms)
✔ gallery waits for visibility and starts each automatic picture with a full duration (2.176407ms)
✔ gallery reduced motion disables automatic advance but preserves manual navigation (1.521934ms)
✔ gallery motion-preference changes immediately hold the current picture (1.016371ms)
✔ gallery can auto-advance when IntersectionObserver is unavailable (1.735095ms)
✔ gallery pause control stays icon-only with an accessible state and action (1.699056ms)
✔ gallery remains held while less than half of the picture is visible (1.180161ms)
✔ gallery clearing reduced motion resumes its preserved remaining interval (2.696739ms)
✔ a deep-linked final dashboard choice becomes visible inside its tab strip (1.67027ms)
✔ keyboard reversal reveals the first choice without a document scroll call (0.24966ms)
✔ a visible choice leaves the horizontal viewport untouched (0.216472ms)
✔ all text and attribute boundaries escape hostile input (142.631324ms)
✔ links reject executable, protocol-relative and obfuscated destinations (1.308712ms)
✔ buttons cannot accidentally submit forms; loading prevents activation (0.350668ms)
✔ fields associate labels, hints, external descriptions and errors (0.295242ms)
✔ misconfigured controls fail at build time (0.373479ms)
✔ a pending or failed remote poster leaves the truthful play fallback visible (1.261308ms)
✔ only a decoded real poster replaces the play fallback (0.336297ms)
✔ cached decoded posters appear immediately without a fade (0.149067ms)
✔ loading a card video preserves its title, description and recovery link (3.024234ms)
✔ the large film container swaps media while retaining its outside source action (0.394213ms)
✔ live view reserves its recovery and navigation space (1.599007ms)
✔ community category region stays inside a narrow scene (0.221117ms)
✔ bounds stay useful on tall and extremely short windows (0.218563ms)
✔ landscape voices reserve their complete category row before fitting the display (0.177961ms)
✔ extremely short windows keep a readable display with explicit internal scrolling (0.363906ms)
✔ two matching community quotations from different original rows appear together (3.386369ms)
✔ restoring all quotations restores the original order and both complete rows (1.037788ms)
✔ an empty filter shows its explicit recovery instead of empty card slots (0.827164ms)
✔ initial wall preparation does not jump away from the page introduction (0.658529ms)
ℹ tests 170
ℹ suites 0
ℹ pass 170
ℹ fail 0
ℹ cancelled 0
ℹ skipped 0
ℹ todo 0
ℹ duration_ms 5632.765441
npm notice
npm notice New major version of npm available! 11.9.0 -> 12.2.0
npm notice Changelog: https://github.com/npm/cli/releases/tag/v12.2.0
npm notice To update run: npm install -g npm@12.2.0
npm notice
